Flow report for DE1_SOC_Linux_FB
Wed Sep 20 18:57:54 2017
Quartus Prime Version 17.0.2 Build 602 07/19/2017 SJ Lite Edition


---------------------
; Table of Contents ;
---------------------
  1. Legal Notice
  2. Flow Summary
  3. Flow Settings
  4. Flow Non-Default Global Settings
  5. Flow Elapsed Time
  6. Flow OS Summary
  7. Flow Log
  8. Flow Messages
  9. Flow Suppressed Messages



----------------
; Legal Notice ;
----------------
Copyright (C) 2017  Intel Corporation. All rights reserved.
Your use of Intel Corporation's design tools, logic functions 
and other software and tools, and its AMPP partner logic 
functions, and any output files from any of the foregoing 
(including device programming or simulation files), and any 
associated documentation or information are expressly subject 
to the terms and conditions of the Intel Program License 
Subscription Agreement, the Intel Quartus Prime License Agreement,
the Intel MegaCore Function License Agreement, or other 
applicable license agreement, including, without limitation, 
that your use is for the sole purpose of programming logic 
devices manufactured by Intel and sold by Intel or its 
authorized distributors.  Please refer to the applicable 
agreement for further details.



+-------------------------------------------------------------------------------+
; Flow Summary                                                                  ;
+---------------------------------+---------------------------------------------+
; Flow Status                     ; Successful - Wed Sep 20 18:56:34 2017       ;
; Quartus Prime Version           ; 17.0.2 Build 602 07/19/2017 SJ Lite Edition ;
; Revision Name                   ; DE1_SOC_Linux_FB                            ;
; Top-level Entity Name           ; DE1_SOC_Linux_FB                            ;
; Family                          ; Cyclone V                                   ;
; Device                          ; 5CSEMA5F31C6                                ;
; Timing Models                   ; Final                                       ;
; Logic utilization (in ALMs)     ; 11,421 / 32,070 ( 36 % )                    ;
; Total registers                 ; 16041                                       ;
; Total pins                      ; 368 / 457 ( 81 % )                          ;
; Total virtual pins              ; 0                                           ;
; Total block memory bits         ; 61,534 / 4,065,280 ( 2 % )                  ;
; Total DSP Blocks                ; 12 / 87 ( 14 % )                            ;
; Total HSSI RX PCSs              ; 0                                           ;
; Total HSSI PMA RX Deserializers ; 0                                           ;
; Total HSSI TX PCSs              ; 0                                           ;
; Total HSSI PMA TX Serializers   ; 0                                           ;
; Total PLLs                      ; 2 / 6 ( 33 % )                              ;
; Total DLLs                      ; 1 / 4 ( 25 % )                              ;
+---------------------------------+---------------------------------------------+


+-----------------------------------------+
; Flow Settings                           ;
+-------------------+---------------------+
; Option            ; Setting             ;
+-------------------+---------------------+
; Start date & time ; 09/20/2017 18:45:18 ;
; Main task         ; Compilation         ;
; Revision Name     ; DE1_SOC_Linux_FB    ;
+-------------------+---------------------+


+--------------------------------------------------------------------------------------------------------------------------------------------------+
; Flow Non-Default Global Settings                                                                                                                 ;
+---------------------------------------+----------------------------------------+--------------------------------------+-------------+------------+
; Assignment Name                       ; Value                                  ; Default Value                        ; Entity Name ; Section Id ;
+---------------------------------------+----------------------------------------+--------------------------------------+-------------+------------+
; COMPILER_SIGNATURE_ID                 ; 70682545106643.150594391812895         ; --                                   ; --          ; --         ;
; ECO_REGENERATE_REPORT                 ; On                                     ; Off                                  ; --          ; --         ;
; FITTER_EFFORT                         ; Standard Fit                           ; Auto Fit                             ; --          ; --         ;
; MAX_CORE_JUNCTION_TEMP                ; 85                                     ; --                                   ; --          ; --         ;
; MIN_CORE_JUNCTION_TEMP                ; 0                                      ; --                                   ; --          ; --         ;
; OPTIMIZATION_TECHNIQUE                ; Speed                                  ; Balanced                             ; --          ; --         ;
; PARTITION_COLOR                       ; -- (Not supported for targeted family) ; --                                   ; --          ; Top        ;
; PARTITION_FITTER_PRESERVATION_LEVEL   ; -- (Not supported for targeted family) ; --                                   ; --          ; Top        ;
; PARTITION_NETLIST_TYPE                ; -- (Not supported for targeted family) ; --                                   ; --          ; Top        ;
; POWER_BOARD_THERMAL_MODEL             ; None (CONSERVATIVE)                    ; --                                   ; --          ; --         ;
; POWER_PRESET_COOLING_SOLUTION         ; 23 MM HEAT SINK WITH 200 LFPM AIRFLOW  ; --                                   ; --          ; --         ;
; PROJECT_IP_REGENERATION_POLICY        ; ALWAYS_REGENERATE_IP                   ; SKIP_REGENERATING_IP_IF_HDL_MODIFIED ; --          ; --         ;
; SMART_RECOMPILE                       ; On                                     ; Off                                  ; --          ; --         ;
; USE_DLL_FREQUENCY_FOR_DQS_DELAY_CHAIN ; On                                     ; Off                                  ; --          ; --         ;
; VHDL_SHOW_LMF_MAPPING_MESSAGES        ; Off                                    ; --                                   ; --          ; --         ;
+---------------------------------------+----------------------------------------+--------------------------------------+-------------+------------+


+-------------------------------------------------------------------------------------------------------------------------------+
; Flow Elapsed Time                                                                                                             ;
+---------------------------+--------------+-------------------------+---------------------+------------------------------------+
; Module Name               ; Elapsed Time ; Average Processors Used ; Peak Virtual Memory ; Total CPU Time (on all processors) ;
+---------------------------+--------------+-------------------------+---------------------+------------------------------------+
; Analysis & Synthesis      ; 00:04:01     ; 1.1                     ; 1905 MB             ; 00:06:49                           ;
; Fitter                    ; 00:06:35     ; 1.1                     ; 3343 MB             ; 00:12:25                           ;
; Assembler                 ; 00:00:16     ; 1.0                     ; 1186 MB             ; 00:00:16                           ;
; TimeQuest Timing Analyzer ; 00:01:17     ; 1.4                     ; 2023 MB             ; 00:01:49                           ;
; Total                     ; 00:12:09     ; --                      ; --                  ; 00:21:19                           ;
+---------------------------+--------------+-------------------------+---------------------+------------------------------------+


+----------------------------------------------------------------------------------------------------+
; Flow OS Summary                                                                                    ;
+---------------------------+---------------------------+--------------+------------+----------------+
; Module Name               ; Machine Hostname          ; OS Name      ; OS Version ; Processor type ;
+---------------------------+---------------------------+--------------+------------+----------------+
; Analysis & Synthesis      ; fabricio-Inspiron-13-7359 ; Ubuntu 16.10 ; 16         ; x86_64         ;
; Fitter                    ; fabricio-Inspiron-13-7359 ; Ubuntu 16.10 ; 16         ; x86_64         ;
; Assembler                 ; fabricio-Inspiron-13-7359 ; Ubuntu 16.10 ; 16         ; x86_64         ;
; TimeQuest Timing Analyzer ; fabricio-Inspiron-13-7359 ; Ubuntu 16.10 ; 16         ; x86_64         ;
+---------------------------+---------------------------+--------------+------------+----------------+


------------
; Flow Log ;
------------
quartus_map --read_settings_files=on --write_settings_files=off DE1_SOC_Linux_FB -c DE1_SOC_Linux_FB
quartus_fit --read_settings_files=off --write_settings_files=off DE1_SOC_Linux_FB -c DE1_SOC_Linux_FB
quartus_asm --read_settings_files=off --write_settings_files=off DE1_SOC_Linux_FB -c DE1_SOC_Linux_FB
quartus_sta DE1_SOC_Linux_FB -c DE1_SOC_Linux_FB



